nohup: ignoring input
2025-07-12 02:59:30 [INFO] utils.logging_config: Logging configuration setup complete
2025-07-12 02:59:30 [INFO] utils.logging_config: Log level set to: INFO
2025-07-12 02:59:30 [INFO] utils.logging_config: Log file: logs/promoter_agent_20250712.log
2025-07-12 02:59:30 [INFO] __main__: Starting Promoter Details Agent on port 5000
 * Serving Flask app 'app'
 * Debug mode: on
2025-07-12 02:59:31 [INFO] werkzeug: [31m[1mWARNING: This is a development server. Do not use it in a production deployment. Use a production WSGI server instead.[0m
 * Running on all addresses (0.0.0.0)
 * Running on http://127.0.0.1:5000
 * Running on http://172.30.0.2:5000
2025-07-12 02:59:31 [INFO] werkzeug: [33mPress CTRL+C to quit[0m
2025-07-12 02:59:31 [INFO] werkzeug:  * Restarting with stat
2025-07-12 02:59:31 [INFO] utils.logging_config: Logging configuration setup complete
2025-07-12 02:59:31 [INFO] utils.logging_config: Log level set to: INFO
2025-07-12 02:59:31 [INFO] utils.logging_config: Log file: logs/promoter_agent_20250712.log
2025-07-12 02:59:31 [INFO] __main__: Starting Promoter Details Agent on port 5000
2025-07-12 02:59:31 [WARNING] werkzeug:  * Debugger is active!
2025-07-12 02:59:31 [INFO] werkzeug:  * Debugger PIN: 118-423-518
/workspace/app.py:37: DeprecationWarning: datetime.datetime.utcnow() is deprecated and scheduled for removal in a future version. Use timezone-aware objects to represent datetimes in UTC: datetime.datetime.now(datetime.UTC).
  'timestamp': datetime.utcnow().isoformat(),
2025-07-12 02:59:40 [INFO] werkzeug: 127.0.0.1 - - [12/Jul/2025 02:59:40] "GET /health HTTP/1.1" 200 -
2025-07-12 02:59:47 [INFO] werkzeug: 127.0.0.1 - - [12/Jul/2025 02:59:47] "GET /health HTTP/1.1" 200 -
/workspace/app.py:203: DeprecationWarning: datetime.datetime.utcnow() is deprecated and scheduled for removal in a future version. Use timezone-aware objects to represent datetimes in UTC: datetime.datetime.now(datetime.UTC).
  'timestamp': datetime.utcnow().isoformat()
2025-07-12 02:59:47 [INFO] werkzeug: 127.0.0.1 - - [12/Jul/2025 02:59:47] "GET /api/v1/sources HTTP/1.1" 200 -
2025-07-12 02:59:47 [INFO] __main__: Processing search request for: Sundar Pichai CEO Google
2025-07-12 02:59:47 [INFO] services.data_aggregator: Searching for person: Sundar Pichai CEO Google
/workspace/app.py:132: DeprecationWarning: datetime.datetime.utcnow() is deprecated and scheduled for removal in a future version. Use timezone-aware objects to represent datetimes in UTC: datetime.datetime.now(datetime.UTC).
  'timestamp': datetime.utcnow().isoformat()
2025-07-12 02:59:48 [INFO] werkzeug: 127.0.0.1 - - [12/Jul/2025 02:59:48] "POST /api/v1/search HTTP/1.1" 200 -
2025-07-12 02:59:48 [INFO] __main__: Fetching Wikipedia data for: Elon Musk
/workspace/app.py:159: DeprecationWarning: datetime.datetime.utcnow() is deprecated and scheduled for removal in a future version. Use timezone-aware objects to represent datetimes in UTC: datetime.datetime.now(datetime.UTC).
  'timestamp': datetime.utcnow().isoformat()
2025-07-12 02:59:49 [INFO] werkzeug: 127.0.0.1 - - [12/Jul/2025 02:59:49] "GET /api/v1/wikipedia/Elon%20Musk HTTP/1.1" 200 -
2025-07-12 02:59:49 [INFO] __main__: Processing promoter details request for: Elon Musk
2025-07-12 02:59:49 [INFO] services.data_aggregator: Starting comprehensive data gathering for: Elon Musk
2025-07-12 02:59:50 [INFO] services.data_aggregator: Successfully collected data from news
2025-07-12 02:59:50 [INFO] services.data_aggregator: Successfully collected data from wikipedia
2025-07-12 02:59:50 [INFO] services.data_aggregator: Data gathering completed for: Elon Musk, confidence: 0.451
/workspace/app.py:93: DeprecationWarning: datetime.datetime.utcnow() is deprecated and scheduled for removal in a future version. Use timezone-aware objects to represent datetimes in UTC: datetime.datetime.now(datetime.UTC).
  'last_updated': datetime.utcnow().isoformat()
2025-07-12 02:59:50 [INFO] werkzeug: 127.0.0.1 - - [12/Jul/2025 02:59:50] "POST /api/v1/promoter-details HTTP/1.1" 200 -
2025-07-12 02:59:55 [INFO] __main__: Processing promoter details request for: Tim Cook
2025-07-12 02:59:55 [INFO] services.data_aggregator: Starting comprehensive data gathering for: Tim Cook
2025-07-12 02:59:56 [INFO] services.data_aggregator: Successfully collected data from news
2025-07-12 02:59:56 [INFO] services.data_aggregator: Successfully collected data from wikipedia
2025-07-12 02:59:56 [INFO] services.data_aggregator: Data gathering completed for: Tim Cook, confidence: 0.451
2025-07-12 02:59:56 [INFO] werkzeug: 127.0.0.1 - - [12/Jul/2025 02:59:56] "POST /api/v1/promoter-details HTTP/1.1" 200 -
2025-07-12 03:00:01 [INFO] __main__: Processing promoter details request for: Satya Nadella
2025-07-12 03:00:01 [INFO] services.data_aggregator: Starting comprehensive data gathering for: Satya Nadella
2025-07-12 03:00:02 [INFO] services.data_aggregator: Successfully collected data from news
2025-07-12 03:00:02 [INFO] services.data_aggregator: Successfully collected data from wikipedia
2025-07-12 03:00:02 [INFO] services.data_aggregator: Data gathering completed for: Satya Nadella, confidence: 0.451
2025-07-12 03:00:02 [INFO] werkzeug: 127.0.0.1 - - [12/Jul/2025 03:00:02] "POST /api/v1/promoter-details HTTP/1.1" 200 -
2025-07-12 03:46:56 [INFO] werkzeug:  * Detected change in '/workspace/system_diagram.py', reloading
2025-07-12 03:46:56 [INFO] werkzeug:  * Restarting with stat
2025-07-12 03:46:56 [INFO] utils.logging_config: Logging configuration setup complete
2025-07-12 03:46:56 [INFO] utils.logging_config: Log level set to: INFO
2025-07-12 03:46:56 [INFO] utils.logging_config: Log file: logs/promoter_agent_20250712.log
2025-07-12 03:46:56 [INFO] __main__: Starting Promoter Details Agent on port 5000
2025-07-12 03:46:56 [WARNING] werkzeug:  * Debugger is active!
2025-07-12 03:46:56 [INFO] werkzeug:  * Debugger PIN: 118-423-518
2025-07-12 03:46:58 [INFO] werkzeug:  * Detected change in '/workspace/system_diagram.py', reloading
2025-07-12 03:46:58 [INFO] werkzeug:  * Restarting with stat
2025-07-12 03:46:58 [INFO] utils.logging_config: Logging configuration setup complete
2025-07-12 03:46:58 [INFO] utils.logging_config: Log level set to: INFO
2025-07-12 03:46:58 [INFO] utils.logging_config: Log file: logs/promoter_agent_20250712.log
2025-07-12 03:46:58 [INFO] __main__: Starting Promoter Details Agent on port 5000
2025-07-12 03:46:58 [WARNING] werkzeug:  * Debugger is active!
2025-07-12 03:46:58 [INFO] werkzeug:  * Debugger PIN: 118-423-518
